Testing CP
Printing parameters...
	N = 1
	Q = 1073707009
	K = 30
	L = 30
	P = 1
	M = P + 2 = 3
	SIGMA = 7.00
	SHORT_THRESHOLD = 2.6e+09
	attributes within range [0, 15]
Original message : Hello, world!
Cipher generated in 0.08614s
Message decrypted by an :
[31m  - unauthorized user : ÿÿÿÿÿÿÿÿÿÿÿÿÿ[0m in 6.082s
[32m  - authorized user : Hello, world![0m in 6.104s
[31m  - unauthorized user : ÿÿÿÿÿÿÿÿÿÿÿÿÿ[0m in 6.115s
[32m  - authorized user : Hello, world![0m in 6.084s
[31m  - unauthorized user : ÿÿÿÿÿÿÿÿÿÿÿÿÿ[0m in 6.065s
[32m  - authorized user : Hello, world![0m in 6.08s
[32m  - authorized user : Hello, world![0m in 6.109s
[32m  - authorized user : Hello, world![0m in 6.095s
[31m  - unauthorized user : ÿÿÿÿÿÿÿÿÿÿÿÿÿ[0m in 6.074s
[32m  - authorized user : Hello, world![0m in 6.092s
[32m  - authorized user : Hello, world![0m in 6.103s
[32m  - authorized user : Hello, world![0m in 6.152s
[31m  - unauthorized user : ÿÿÿÿÿÿÿÿÿÿÿÿÿ[0m in 6.09s
[32m  - authorized user : Hello, world![0m in 6.097s
[32m  - authorized user : Hello, world![0m in 6.121s
[32m  - authorized user : Hello, world![0m in 6.11s
